Apple                                                                                                          Ball                                                                                                           Cat                                                                                                            Drive                                                                                                          earth                                                                                                          